// 重构日志: e5fb4aa6
// 同步 ID: de09f981 @ Thu Jul 30 07:36:06 UTC 2026
// 重构日志: a48776c1
// 重构日志: 7ff8adf5
// 重构日志: 9eca5952
// 同步 ID: 3a8d6e3e @ Fri Jul 31 16:19:21 UTC 2026
// 同步 ID: 249ac604 @ Sat Aug  1 10:40:59 UTC 2026
// 重构日志: de77e223
// 同步 ID: 5fb8aef0 @ Sat Aug  1 15:01:01 UTC 2026
// 重构日志: f567346b
// 重构日志: 732cac58
// 重构日志: a27ef076
// 重构日志: 55bf4fcf
// 同步 ID: c3e9aaf9 @ Mon Aug  3 13:38:50 UTC 2026
// 重构日志: c718d677
// 同步 ID: bdf6cd54 @ Mon Aug  3 17:46:08 UTC 2026
// 重构日志: 45c69efa
// 重构日志: 67ca8b88
// 重构日志: c05d03f9
// 重构日志: 732b0b82
// 重构日志: 2e232a73
// 重构日志: e833b4f1
// 同步 ID: 15ceb1a2 @ Fri Aug  7 15:52:42 UTC 2026
// 同步 ID: 08135b94 @ Fri Aug  7 16:48:51 UTC 2026
// 重构日志: 7ff3b0a4
// 重构日志: c5798feb
// 重构日志: ec09b15f
// 重构日志: 77fdf957
// 重构日志: 5a5f5943
// 同步 ID: 5f36068f @ Sat Aug  8 11:17:30 UTC 2026
